/ictstr01/groups/ml01/workspace/francesca.drummer/mamba/envs/GT_long_range_env/lib/python3.11/site-packages/anndata/utils.py:434: FutureWarning: Importing read_csv from `anndata` is deprecated. Import anndata.io.read_csv instead.
  warnings.warn(msg, FutureWarning)
/ictstr01/groups/ml01/workspace/francesca.drummer/mamba/envs/GT_long_range_env/lib/python3.11/site-packages/anndata/utils.py:434: FutureWarning: Importing read_excel from `anndata` is deprecated. Import anndata.io.read_excel instead.
  warnings.warn(msg, FutureWarning)
/ictstr01/groups/ml01/workspace/francesca.drummer/mamba/envs/GT_long_range_env/lib/python3.11/site-packages/anndata/utils.py:434: FutureWarning: Importing read_hdf from `anndata` is deprecated. Import anndata.io.read_hdf instead.
  warnings.warn(msg, FutureWarning)
/ictstr01/groups/ml01/workspace/francesca.drummer/mamba/envs/GT_long_range_env/lib/python3.11/site-packages/anndata/utils.py:434: FutureWarning: Importing read_loom from `anndata` is deprecated. Import anndata.io.read_loom instead.
  warnings.warn(msg, FutureWarning)
/ictstr01/groups/ml01/workspace/francesca.drummer/mamba/envs/GT_long_range_env/lib/python3.11/site-packages/anndata/utils.py:434: FutureWarning: Importing read_mtx from `anndata` is deprecated. Import anndata.io.read_mtx instead.
  warnings.warn(msg, FutureWarning)
/ictstr01/groups/ml01/workspace/francesca.drummer/mamba/envs/GT_long_range_env/lib/python3.11/site-packages/anndata/utils.py:434: FutureWarning: Importing read_text from `anndata` is deprecated. Import anndata.io.read_text instead.
  warnings.warn(msg, FutureWarning)
/ictstr01/groups/ml01/workspace/francesca.drummer/mamba/envs/GT_long_range_env/lib/python3.11/site-packages/anndata/utils.py:434: FutureWarning: Importing read_umi_tools from `anndata` is deprecated. Import anndata.io.read_umi_tools instead.
  warnings.warn(msg, FutureWarning)
/ictstr01/groups/ml01/workspace/francesca.drummer/mamba/envs/GT_long_range_env/lib/python3.11/site-packages/numba/core/decorators.py:246: RuntimeWarning: nopython is set for njit and is ignored
  warnings.warn('nopython is set for njit and is ignored', RuntimeWarning)
/ictstr01/groups/ml01/workspace/francesca.drummer/mamba/envs/GT_long_range_env/lib/python3.11/site-packages/anndata/utils.py:434: FutureWarning: Importing read_text from `anndata` is deprecated. Import anndata.io.read_text instead.
  warnings.warn(msg, FutureWarning)
Traceback (most recent call last):
  File "/ictstr01/home/icb/francesca.drummer/1-Projects/InterScale_reproducibility/scripts/damond/scvi.py", line 7, in <module>
    import InterScale as interscale
  File "/ictstr01/home/icb/francesca.drummer/1-Projects/GT-long-range-niches/src/InterScale/__init__.py", line 2, in <module>
    from . import config, module, tl, model
  File "/ictstr01/home/icb/francesca.drummer/1-Projects/GT-long-range-niches/src/InterScale/model/__init__.py", line 1, in <module>
    from .base._base_model import BaseModelClass
  File "/ictstr01/home/icb/francesca.drummer/1-Projects/GT-long-range-niches/src/InterScale/model/base/_base_model.py", line 3, in <module>
    from scvi.data import AnnDataManager, fields
ModuleNotFoundError: No module named 'scvi.data'; 'scvi' is not a package
